2026-07-31T15:49:51.800083+00:00   INFO pegaflow_server: lib.rs:469 Starting pega-engine-server v0.23.3
2026-07-31T15:49:52.627362+00:00   INFO pegaflow_server: lib.rs:310 Ascend ACL runtime initialized, device 0 set as current
2026-07-31T15:49:52.627613+00:00   INFO pegaflow_server::check_ascend_version: check_ascend_version.rs:40 Ascend preflight: minimum required version 1.16.0
2026-07-31T15:49:52.627697+00:00   INFO pegaflow_server::check_ascend_version: check_ascend_version.rs:52 Ascend preflight: runtime version 1.17.0 detected
2026-07-31T15:49:52.627734+00:00   INFO pegaflow_server: lib.rs:487 Using specified device(s): [0, 1, 2, 3, 4, 5, 6, 7]
2026-07-31T15:50:01.499205+00:00   INFO pegaflow_server: lib.rs:386 Initialized context for device 0 in 0.01s
2026-07-31T15:50:02.225479+00:00   INFO pegaflow_server: lib.rs:386 Initialized context for device 1 in 0.73s
2026-07-31T15:50:02.938209+00:00   INFO pegaflow_server: lib.rs:386 Initialized context for device 2 in 0.71s
2026-07-31T15:50:03.649896+00:00   INFO pegaflow_server: lib.rs:386 Initialized context for device 3 in 0.71s
2026-07-31T15:50:04.375419+00:00   INFO pegaflow_server: lib.rs:386 Initialized context for device 4 in 0.73s
2026-07-31T15:50:05.091995+00:00   INFO pegaflow_server: lib.rs:386 Initialized context for device 5 in 0.71s
2026-07-31T15:50:05.900760+00:00   INFO pegaflow_server: lib.rs:386 Initialized context for device 6 in 0.81s
2026-07-31T15:50:06.615062+00:00   INFO pegaflow_server: lib.rs:386 Initialized context for device 7 in 0.71s
2026-07-31T15:50:06.615308+00:00   INFO pegaflow_server: lib.rs:496 Device runtime initialized for 8 device(s): [0, 1, 2, 3, 4, 5, 6, 7]
2026-07-31T15:50:06.615661+00:00   INFO pegaflow_server: lib.rs:517 Creating PegaEngine with pinned memory pool: 4.00 GiB (4294967296 bytes), hugepages=false
2026-07-31T15:50:06.642226+00:00   INFO pegaflow_server: lib.rs:435 Prometheus metrics exporter enabled
2026-07-31T15:50:06.642582+00:00   INFO opentelemetry: metrics.rs:29  name="MeterProvider.GlobalSet" message=Global meter provider is set. Meters can now be created using global::meter() or global::meter_with_scope().
2026-07-31T15:50:12.029257+00:00   INFO pegaflow_common::numa: numa.rs:650 === Device-NUMA Topology ===
2026-07-31T15:50:12.029417+00:00   INFO pegaflow_common::numa: numa.rs:651 NUMA nodes: 8
2026-07-31T15:50:12.029467+00:00   INFO pegaflow_common::numa: numa.rs:659   Device 0 -> NUMA6
2026-07-31T15:50:12.029495+00:00   INFO pegaflow_common::numa: numa.rs:659   Device 1 -> NUMA0
2026-07-31T15:50:12.029516+00:00   INFO pegaflow_common::numa: numa.rs:659   Device 2 -> NUMA6
2026-07-31T15:50:12.029535+00:00   INFO pegaflow_common::numa: numa.rs:659   Device 3 -> NUMA0
2026-07-31T15:50:12.029554+00:00   INFO pegaflow_common::numa: numa.rs:659   Device 4 -> NUMA4
2026-07-31T15:50:12.029574+00:00   INFO pegaflow_common::numa: numa.rs:659   Device 5 -> NUMA2
2026-07-31T15:50:12.029593+00:00   INFO pegaflow_common::numa: numa.rs:659   Device 6 -> NUMA4
2026-07-31T15:50:12.029612+00:00   INFO pegaflow_common::numa: numa.rs:659   Device 7 -> NUMA2
2026-07-31T15:50:12.029673+00:00   INFO pegaflow_core: lib.rs:163 Auto-enabling NUMA-aware memory allocation for 4 GPU-local NUMA nodes (8 CPU NUMA nodes detected)
2026-07-31T15:50:12.029700+00:00   INFO pegaflow_core::storage: mod.rs:150 Creating NUMA-aware pinned pools for 4 nodes
2026-07-31T15:50:12.029732+00:00   INFO pegaflow_core::pinned_pool: pinned_pool.rs:547 Creating NUMA-aware pools: total=4.0 GiB, nodes=4, per_node=1.0 GiB, shards_per_node=1
2026-07-31T15:50:12.031196+00:00   INFO pegaflow_core::pinned_pool: pinned_pool.rs:203 Allocating pinned memory pool with aclrtMallocHost mapped pages
2026-07-31T15:50:12.031354+00:00   INFO pegaflow_core::pinned_pool: pinned_pool.rs:262 Ascend pinned pool on NUMA node NUMA0 → using device 1
2026-07-31T15:50:12.074586+00:00   INFO pegaflow_core::pinned_pool: pinned_pool.rs:213 Pinned pool: backing_size=1.0 GiB, unit_size=512 B, max_units=2097152, allocatable_size=1.0 GiB
2026-07-31T15:50:12.416240+00:00   INFO pegaflow_core::pinned_pool: pinned_pool.rs:580 Created pinned pool on NUMA0: capacity=1.0 GiB
2026-07-31T15:50:12.417384+00:00   INFO pegaflow_core::pinned_pool: pinned_pool.rs:203 Allocating pinned memory pool with aclrtMallocHost mapped pages
2026-07-31T15:50:12.417579+00:00   INFO pegaflow_core::pinned_pool: pinned_pool.rs:262 Ascend pinned pool on NUMA node NUMA2 → using device 5
2026-07-31T15:50:12.460639+00:00   INFO pegaflow_core::pinned_pool: pinned_pool.rs:213 Pinned pool: backing_size=1.0 GiB, unit_size=512 B, max_units=2097152, allocatable_size=1.0 GiB
2026-07-31T15:50:12.800540+00:00   INFO pegaflow_core::pinned_pool: pinned_pool.rs:580 Created pinned pool on NUMA2: capacity=1.0 GiB
2026-07-31T15:50:12.801416+00:00   INFO pegaflow_core::pinned_pool: pinned_pool.rs:203 Allocating pinned memory pool with aclrtMallocHost mapped pages
2026-07-31T15:50:12.801472+00:00   INFO pegaflow_core::pinned_pool: pinned_pool.rs:262 Ascend pinned pool on NUMA node NUMA4 → using device 6
2026-07-31T15:50:12.844072+00:00   INFO pegaflow_core::pinned_pool: pinned_pool.rs:213 Pinned pool: backing_size=1.0 GiB, unit_size=512 B, max_units=2097152, allocatable_size=1.0 GiB
2026-07-31T15:50:13.166408+00:00   INFO pegaflow_core::pinned_pool: pinned_pool.rs:580 Created pinned pool on NUMA4: capacity=1.0 GiB
2026-07-31T15:50:13.167800+00:00   INFO pegaflow_core::pinned_pool: pinned_pool.rs:203 Allocating pinned memory pool with aclrtMallocHost mapped pages
2026-07-31T15:50:13.168018+00:00   INFO pegaflow_core::pinned_pool: pinned_pool.rs:262 Ascend pinned pool on NUMA node NUMA6 → using device 0
2026-07-31T15:50:13.210091+00:00   INFO pegaflow_core::pinned_pool: pinned_pool.rs:213 Pinned pool: backing_size=1.0 GiB, unit_size=512 B, max_units=2097152, allocatable_size=1.0 GiB
2026-07-31T15:50:13.546091+00:00   INFO pegaflow_core::pinned_pool: pinned_pool.rs:580 Created pinned pool on NUMA6: capacity=1.0 GiB
2026-07-31T15:50:13.546914+00:00   INFO pegaflow_server: lib.rs:677 Background GC task started (interval=60s, inflight_max_age=5m, failed_remote_max_age=5m)
2026-07-31T15:50:13.547462+00:00   INFO pegaflow_server::http_server: http_server.rs:187 Starting HTTP server on 0.0.0.0:9091 (/health, /metrics, /instances, /instances/cleanup, /cache/memory/cleanup)
2026-07-31T15:50:13.547620+00:00   INFO pegaflow_server: lib.rs:705 PegaEngine gRPC server listening on 0.0.0.0:50080
2026-07-31T15:52:11.700263+00:00   INFO pegaflow_core::gpu_worker: gpu_worker.rs:338 GPU worker initialized: device=1 backend=ascend_batch device_id=1
2026-07-31T15:52:11.700576+00:00   INFO pegaflow_core::gpu_worker: gpu_worker.rs:338 GPU worker initialized: device=1 backend=ascend_batch device_id=1
2026-07-31T15:52:11.700738+00:00   INFO pegaflow_core::gpu_worker: gpu_worker.rs:200 GPU worker pool started: device=1, numa_node=NUMA0, transfer_mode=AscendDirect
2026-07-31T15:52:11.701582+00:00   INFO pegaflow_core::instance: instance.rs:706 Sealed instance topology: instance=80a178d0-e833-4f50-ae32-1a8970ba591e-838ee0807b424f08afe4760667febf38, num_layers=72, tp_size=1, world_size=1, total_slots=72
2026-07-31T15:52:11.701641+00:00   INFO pegaflow_core::instance: instance.rs:719 Initialized GPU context: device_id=1, numa_node=NUMA0
2026-07-31T15:52:11.701673+00:00   INFO pegaflow_core: lib.rs:452 Registered context batch: instance=80a178d0-e833-4f50-ae32-1a8970ba591e-838ee0807b424f08afe4760667febf38, namespace=audit-shared, device=1, layers=72, tp_rank=0/1, pp_rank=0
2026-07-31T15:52:17.130823+00:00   INFO pegaflow_core::gpu_worker: gpu_worker.rs:338 GPU worker initialized: device=3 backend=ascend_batch device_id=3
2026-07-31T15:52:17.131177+00:00   INFO pegaflow_core::gpu_worker: gpu_worker.rs:338 GPU worker initialized: device=3 backend=ascend_batch device_id=3
2026-07-31T15:52:17.131349+00:00   INFO pegaflow_core::gpu_worker: gpu_worker.rs:200 GPU worker pool started: device=3, numa_node=NUMA0, transfer_mode=AscendDirect
2026-07-31T15:52:17.132179+00:00   INFO pegaflow_core::instance: instance.rs:706 Sealed instance topology: instance=572fb615-5c9c-401f-8ce4-2552ad12170a-3a86ab10f35c4179ae552943f352b95c, num_layers=72, tp_size=1, world_size=1, total_slots=72
2026-07-31T15:52:17.132253+00:00   INFO pegaflow_core::instance: instance.rs:719 Initialized GPU context: device_id=3, numa_node=NUMA0
2026-07-31T15:52:17.132288+00:00   INFO pegaflow_core: lib.rs:452 Registered context batch: instance=572fb615-5c9c-401f-8ce4-2552ad12170a-3a86ab10f35c4179ae552943f352b95c, namespace=audit-shared, device=3, layers=72, tp_rank=0/1, pp_rank=0
2026-07-31T15:52:18.882725+00:00   INFO pegaflow_core::gpu_worker: gpu_worker.rs:338 GPU worker initialized: device=6 backend=ascend_batch device_id=6
2026-07-31T15:52:18.883100+00:00   INFO pegaflow_core::gpu_worker: gpu_worker.rs:338 GPU worker initialized: device=6 backend=ascend_batch device_id=6
2026-07-31T15:52:18.883315+00:00   INFO pegaflow_core::gpu_worker: gpu_worker.rs:200 GPU worker pool started: device=6, numa_node=NUMA4, transfer_mode=AscendDirect
2026-07-31T15:52:18.884053+00:00   INFO pegaflow_core::instance: instance.rs:706 Sealed instance topology: instance=9f712c73-6946-4ac3-9b7e-6826ac39d772-1c95f665c69a46b4a12163948fe66671, num_layers=72, tp_size=1, world_size=1, total_slots=72
2026-07-31T15:52:18.884110+00:00   INFO pegaflow_core::instance: instance.rs:719 Initialized GPU context: device_id=6, numa_node=NUMA4
2026-07-31T15:52:18.884143+00:00   INFO pegaflow_core: lib.rs:452 Registered context batch: instance=9f712c73-6946-4ac3-9b7e-6826ac39d772-1c95f665c69a46b4a12163948fe66671, namespace=audit-shared, device=6, layers=72, tp_rank=0/1, pp_rank=0
2026-07-31T15:52:19.144845+00:00   INFO pegaflow_core::gpu_worker: gpu_worker.rs:338 GPU worker initialized: device=2 backend=ascend_batch device_id=2
2026-07-31T15:52:19.145072+00:00   INFO pegaflow_core::gpu_worker: gpu_worker.rs:338 GPU worker initialized: device=2 backend=ascend_batch device_id=2
2026-07-31T15:52:19.145310+00:00   INFO pegaflow_core::gpu_worker: gpu_worker.rs:200 GPU worker pool started: device=2, numa_node=NUMA6, transfer_mode=AscendDirect
2026-07-31T15:52:19.145995+00:00   INFO pegaflow_core::instance: instance.rs:706 Sealed instance topology: instance=f14a3bde-0ccc-4bdd-93c9-b0b87c8c35dd-9d1ae34543044232b2e47eb95ac647d2, num_layers=72, tp_size=1, world_size=1, total_slots=72
2026-07-31T15:52:19.146048+00:00   INFO pegaflow_core::instance: instance.rs:719 Initialized GPU context: device_id=2, numa_node=NUMA6
2026-07-31T15:52:19.146076+00:00   INFO pegaflow_core: lib.rs:452 Registered context batch: instance=f14a3bde-0ccc-4bdd-93c9-b0b87c8c35dd-9d1ae34543044232b2e47eb95ac647d2, namespace=audit-shared, device=2, layers=72, tp_rank=0/1, pp_rank=0
2026-07-31T15:52:19.418485+00:00   INFO pegaflow_core::gpu_worker: gpu_worker.rs:338 GPU worker initialized: device=0 backend=ascend_batch device_id=0
2026-07-31T15:52:19.418687+00:00   INFO pegaflow_core::gpu_worker: gpu_worker.rs:338 GPU worker initialized: device=0 backend=ascend_batch device_id=0
2026-07-31T15:52:19.418860+00:00   INFO pegaflow_core::gpu_worker: gpu_worker.rs:200 GPU worker pool started: device=0, numa_node=NUMA6, transfer_mode=AscendDirect
2026-07-31T15:52:19.419539+00:00   INFO pegaflow_core::instance: instance.rs:706 Sealed instance topology: instance=1dae28db-94d1-4c7d-b9d2-8b99c65ac784-845fa69047524cac928bde7e8cfe64df, num_layers=72, tp_size=1, world_size=1, total_slots=72
2026-07-31T15:52:19.419617+00:00   INFO pegaflow_core::instance: instance.rs:719 Initialized GPU context: device_id=0, numa_node=NUMA6
2026-07-31T15:52:19.419647+00:00   INFO pegaflow_core: lib.rs:452 Registered context batch: instance=1dae28db-94d1-4c7d-b9d2-8b99c65ac784-845fa69047524cac928bde7e8cfe64df, namespace=audit-shared, device=0, layers=72, tp_rank=0/1, pp_rank=0
2026-07-31T15:52:19.687479+00:00   INFO pegaflow_core::gpu_worker: gpu_worker.rs:338 GPU worker initialized: device=4 backend=ascend_batch device_id=4
2026-07-31T15:52:19.687891+00:00   INFO pegaflow_core::gpu_worker: gpu_worker.rs:338 GPU worker initialized: device=4 backend=ascend_batch device_id=4
2026-07-31T15:52:19.688041+00:00   INFO pegaflow_core::gpu_worker: gpu_worker.rs:200 GPU worker pool started: device=4, numa_node=NUMA4, transfer_mode=AscendDirect
2026-07-31T15:52:19.688683+00:00   INFO pegaflow_core::instance: instance.rs:706 Sealed instance topology: instance=373acfed-a074-4989-b9b8-c4f782ac146d-af2c77966d414f64bd2b763ec06a3920, num_layers=72, tp_size=1, world_size=1, total_slots=72
2026-07-31T15:52:19.688736+00:00   INFO pegaflow_core::instance: instance.rs:719 Initialized GPU context: device_id=4, numa_node=NUMA4
2026-07-31T15:52:19.688771+00:00   INFO pegaflow_core: lib.rs:452 Registered context batch: instance=373acfed-a074-4989-b9b8-c4f782ac146d-af2c77966d414f64bd2b763ec06a3920, namespace=audit-shared, device=4, layers=72, tp_rank=0/1, pp_rank=0
2026-07-31T15:52:19.942250+00:00   INFO pegaflow_core::gpu_worker: gpu_worker.rs:338 GPU worker initialized: device=7 backend=ascend_batch device_id=7
2026-07-31T15:52:19.942627+00:00   INFO pegaflow_core::gpu_worker: gpu_worker.rs:338 GPU worker initialized: device=7 backend=ascend_batch device_id=7
2026-07-31T15:52:19.942800+00:00   INFO pegaflow_core::gpu_worker: gpu_worker.rs:200 GPU worker pool started: device=7, numa_node=NUMA2, transfer_mode=AscendDirect
2026-07-31T15:52:19.943482+00:00   INFO pegaflow_core::instance: instance.rs:706 Sealed instance topology: instance=28139947-f028-4265-a3c4-97df3f00369b-20e08300f635467e9acdc929d7f6e171, num_layers=72, tp_size=1, world_size=1, total_slots=72
2026-07-31T15:52:19.943551+00:00   INFO pegaflow_core::instance: instance.rs:719 Initialized GPU context: device_id=7, numa_node=NUMA2
2026-07-31T15:52:19.943580+00:00   INFO pegaflow_core: lib.rs:452 Registered context batch: instance=28139947-f028-4265-a3c4-97df3f00369b-20e08300f635467e9acdc929d7f6e171, namespace=audit-shared, device=7, layers=72, tp_rank=0/1, pp_rank=0
2026-07-31T15:52:20.247654+00:00   INFO pegaflow_core::gpu_worker: gpu_worker.rs:338 GPU worker initialized: device=5 backend=ascend_batch device_id=5
2026-07-31T15:52:20.247960+00:00   INFO pegaflow_core::gpu_worker: gpu_worker.rs:338 GPU worker initialized: device=5 backend=ascend_batch device_id=5
2026-07-31T15:52:20.248141+00:00   INFO pegaflow_core::gpu_worker: gpu_worker.rs:200 GPU worker pool started: device=5, numa_node=NUMA2, transfer_mode=AscendDirect
2026-07-31T15:52:20.248801+00:00   INFO pegaflow_core::instance: instance.rs:706 Sealed instance topology: instance=9f9df920-e23b-4fdb-8c8c-950fcb048bd5-c551430a34924c029a9f17398945fed3, num_layers=72, tp_size=1, world_size=1, total_slots=72
2026-07-31T15:52:20.248853+00:00   INFO pegaflow_core::instance: instance.rs:719 Initialized GPU context: device_id=5, numa_node=NUMA2
2026-07-31T15:52:20.248880+00:00   INFO pegaflow_core: lib.rs:452 Registered context batch: instance=9f9df920-e23b-4fdb-8c8c-950fcb048bd5-c551430a34924c029a9f17398945fed3, namespace=audit-shared, device=5, layers=72, tp_rank=0/1, pp_rank=0
2026-07-31T15:52:34.727445+00:00   INFO pegaflow_server::service: service.rs:931 Session opened: instance_id=80a178d0-e833-4f50-ae32-1a8970ba591e-838ee0807b424f08afe4760667febf38 namespace=audit-shared tp_size=1 world_size=1 token=1
2026-07-31T15:52:34.988182+00:00   INFO pegaflow_server::service: service.rs:931 Session opened: instance_id=9f712c73-6946-4ac3-9b7e-6826ac39d772-1c95f665c69a46b4a12163948fe66671 namespace=audit-shared tp_size=1 world_size=1 token=2
2026-07-31T15:52:35.659011+00:00   INFO pegaflow_server::service: service.rs:931 Session opened: instance_id=9f9df920-e23b-4fdb-8c8c-950fcb048bd5-c551430a34924c029a9f17398945fed3 namespace=audit-shared tp_size=1 world_size=1 token=3
2026-07-31T15:52:37.603318+00:00   INFO pegaflow_server::service: service.rs:931 Session opened: instance_id=572fb615-5c9c-401f-8ce4-2552ad12170a-3a86ab10f35c4179ae552943f352b95c namespace=audit-shared tp_size=1 world_size=1 token=4
2026-07-31T15:52:41.209569+00:00   INFO pegaflow_server::service: service.rs:931 Session opened: instance_id=28139947-f028-4265-a3c4-97df3f00369b-20e08300f635467e9acdc929d7f6e171 namespace=audit-shared tp_size=1 world_size=1 token=5
2026-07-31T15:52:41.586162+00:00   INFO pegaflow_server::service: service.rs:931 Session opened: instance_id=1dae28db-94d1-4c7d-b9d2-8b99c65ac784-845fa69047524cac928bde7e8cfe64df namespace=audit-shared tp_size=1 world_size=1 token=6
2026-07-31T15:52:45.330463+00:00   INFO pegaflow_server::service: service.rs:931 Session opened: instance_id=f14a3bde-0ccc-4bdd-93c9-b0b87c8c35dd-9d1ae34543044232b2e47eb95ac647d2 namespace=audit-shared tp_size=1 world_size=1 token=7
2026-07-31T15:52:52.597066+00:00   INFO pegaflow_server::service: service.rs:931 Session opened: instance_id=373acfed-a074-4989-b9b8-c4f782ac146d-af2c77966d414f64bd2b763ec06a3920 namespace=audit-shared tp_size=1 world_size=1 token=8
2026-07-31T15:52:56.274557+00:00   INFO pegaflow_core::storage::prefetch: prefetch.rs:316 Prefetch local-hit timing: req_id=cmpl-b7defdbf0151c15b-0-9ed3328a total_keys=76 hit=0 missing=76 key_build=71.628µs cache_scan=17.289µs task_schedule=6.28µs total=195.484µs
2026-07-31T15:52:56.452073+00:00   WARN pegaflow_core::device::ascend: ascend.rs:712 aclrtMemcpyBatchAsync(D2H) failed: error 100000 (see CANN documentation for error code details) — falling back to per-copy aclrtMemcpyAsync device_id=6
2026-07-31T15:52:56.602131+00:00   WARN pegaflow_core::device::ascend: ascend.rs:712 aclrtMemcpyBatchAsync(D2H) failed: error 100000 (see CANN documentation for error code details) — falling back to per-copy aclrtMemcpyAsync device_id=6
2026-07-31T15:52:56.768502+00:00   WARN pegaflow_core::device::ascend: ascend.rs:712 aclrtMemcpyBatchAsync(D2H) failed: error 100000 (see CANN documentation for error code details) — falling back to per-copy aclrtMemcpyAsync device_id=6
2026-07-31T15:52:56.951805+00:00   WARN pegaflow_core::device::ascend: ascend.rs:712 aclrtMemcpyBatchAsync(D2H) failed: error 100000 (see CANN documentation for error code details) — falling back to per-copy aclrtMemcpyAsync device_id=6
2026-07-31T15:52:57.115341+00:00   WARN pegaflow_core::device::ascend: ascend.rs:712 aclrtMemcpyBatchAsync(D2H) failed: error 100000 (see CANN documentation for error code details) — falling back to per-copy aclrtMemcpyAsync device_id=6
2026-07-31T15:52:57.168305+00:00   WARN pegaflow_core::device::ascend: ascend.rs:712 aclrtMemcpyBatchAsync(D2H) failed: error 100000 (see CANN documentation for error code details) — falling back to per-copy aclrtMemcpyAsync device_id=6
2026-07-31T15:53:15.095479+00:00   INFO pegaflow_core::storage::prefetch: prefetch.rs:316 Prefetch local-hit timing: req_id=cmpl-9d20b8d8c56c6d9e-0-adb1ab14 total_keys=76 hit=0 missing=76 key_build=55.798µs cache_scan=11.09µs task_schedule=6.27µs total=97.277µs
2026-07-31T15:53:15.275360+00:00   WARN pegaflow_core::device::ascend: ascend.rs:712 aclrtMemcpyBatchAsync(D2H) failed: error 100000 (see CANN documentation for error code details) — falling back to per-copy aclrtMemcpyAsync device_id=1
2026-07-31T15:53:15.425917+00:00   WARN pegaflow_core::device::ascend: ascend.rs:712 aclrtMemcpyBatchAsync(D2H) failed: error 100000 (see CANN documentation for error code details) — falling back to per-copy aclrtMemcpyAsync device_id=1
2026-07-31T15:53:15.592940+00:00   WARN pegaflow_core::device::ascend: ascend.rs:712 aclrtMemcpyBatchAsync(D2H) failed: error 100000 (see CANN documentation for error code details) — falling back to per-copy aclrtMemcpyAsync device_id=1
2026-07-31T15:53:17.659909+00:00   INFO pegaflow_core::storage::prefetch: prefetch.rs:316 Prefetch local-hit timing: req_id=cmpl-8b3fd5a276bd11de-0-868f0d02 total_keys=76 hit=76 missing=0 key_build=52.858µs cache_scan=86.317µs task_schedule=110ns total=216.642µs
2026-07-31T15:53:17.671268+00:00   WARN pegaflow_core::device::ascend: ascend.rs:659 aclrtMemcpyBatchAsync(H2D) failed: error 100000 (see CANN documentation for error code details) — falling back to per-copy aclrtMemcpyAsync device_id=5
2026-07-31T15:53:17.745525+00:00   INFO pegaflow_core::gpu_worker: gpu_worker.rs:508 Load task completed: layers=72 blocks=76 copies=5472 bytes=1434451968 elapsed_ms=77.90 bandwidth_gbps=18.41 backend=ascend_batch device_id=5
2026-07-31T15:53:19.608770+00:00   INFO pegaflow_core::storage::prefetch: prefetch.rs:316 Prefetch local-hit timing: req_id=cmpl-914227063158a2ab-0-ac9a2fa8 total_keys=76 hit=76 missing=0 key_build=59.908µs cache_scan=107.736µs task_schedule=470ns total=200.873µs
2026-07-31T15:53:19.619463+00:00   WARN pegaflow_core::device::ascend: ascend.rs:659 aclrtMemcpyBatchAsync(H2D) failed: error 100000 (see CANN documentation for error code details) — falling back to per-copy aclrtMemcpyAsync device_id=3
2026-07-31T15:53:19.719945+00:00   INFO pegaflow_core::gpu_worker: gpu_worker.rs:508 Load task completed: layers=72 blocks=76 copies=5472 bytes=1434451968 elapsed_ms=103.70 bandwidth_gbps=13.83 backend=ascend_batch device_id=3
2026-07-31T15:53:21.572414+00:00   INFO pegaflow_core::storage::prefetch: prefetch.rs:316 Prefetch local-hit timing: req_id=cmpl-9c00f3e6e0fcb205-0-bb00b7bb total_keys=76 hit=76 missing=0 key_build=66.547µs cache_scan=110.257µs task_schedule=290ns total=201.723µs
2026-07-31T15:53:21.584067+00:00   WARN pegaflow_core::device::ascend: ascend.rs:659 aclrtMemcpyBatchAsync(H2D) failed: error 100000 (see CANN documentation for error code details) — falling back to per-copy aclrtMemcpyAsync device_id=0
2026-07-31T15:53:21.689109+00:00   INFO pegaflow_core::gpu_worker: gpu_worker.rs:508 Load task completed: layers=72 blocks=76 copies=5472 bytes=1434451968 elapsed_ms=108.47 bandwidth_gbps=13.22 backend=ascend_batch device_id=0
2026-07-31T15:53:23.542012+00:00   INFO pegaflow_core::storage::prefetch: prefetch.rs:316 Prefetch local-hit timing: req_id=cmpl-8edac574127aafba-0-bd0bb06e total_keys=76 hit=76 missing=0 key_build=56.658µs cache_scan=91.196µs task_schedule=120ns total=163.094µs
2026-07-31T15:53:23.553144+00:00   WARN pegaflow_core::device::ascend: ascend.rs:659 aclrtMemcpyBatchAsync(H2D) failed: error 100000 (see CANN documentation for error code details) — falling back to per-copy aclrtMemcpyAsync device_id=7
2026-07-31T15:53:23.637992+00:00   INFO pegaflow_core::gpu_worker: gpu_worker.rs:508 Load task completed: layers=72 blocks=76 copies=5472 bytes=1434451968 elapsed_ms=88.31 bandwidth_gbps=16.24 backend=ascend_batch device_id=7
2026-07-31T15:53:25.499762+00:00   INFO pegaflow_core::storage::prefetch: prefetch.rs:316 Prefetch local-hit timing: req_id=cmpl-b4d960ba56614710-0-83f969e6 total_keys=76 hit=76 missing=0 key_build=54.218µs cache_scan=88.727µs task_schedule=330ns total=161.885µs
2026-07-31T15:53:25.510685+00:00   WARN pegaflow_core::device::ascend: ascend.rs:659 aclrtMemcpyBatchAsync(H2D) failed: error 100000 (see CANN documentation for error code details) — falling back to per-copy aclrtMemcpyAsync device_id=2
2026-07-31T15:53:25.585793+00:00   INFO pegaflow_core::gpu_worker: gpu_worker.rs:508 Load task completed: layers=72 blocks=76 copies=5472 bytes=1434451968 elapsed_ms=78.41 bandwidth_gbps=18.30 backend=ascend_batch device_id=2
2026-07-31T15:53:27.442161+00:00   INFO pegaflow_core::storage::prefetch: prefetch.rs:316 Prefetch local-hit timing: req_id=cmpl-8db8584177536c72-0-9fce1020 total_keys=76 hit=76 missing=0 key_build=59.048µs cache_scan=92.337µs task_schedule=260ns total=170.824µs
2026-07-31T15:53:27.451544+00:00   WARN pegaflow_core::device::ascend: ascend.rs:659 aclrtMemcpyBatchAsync(H2D) failed: error 100000 (see CANN documentation for error code details) — falling back to per-copy aclrtMemcpyAsync device_id=4
2026-07-31T15:53:27.540196+00:00   INFO pegaflow_core::gpu_worker: gpu_worker.rs:508 Load task completed: layers=72 blocks=76 copies=5472 bytes=1434451968 elapsed_ms=91.13 bandwidth_gbps=15.74 backend=ascend_batch device_id=4
2026-07-31T15:53:29.482038+00:00   WARN pegaflow_core::device::ascend: ascend.rs:712 aclrtMemcpyBatchAsync(D2H) failed: error 100000 (see CANN documentation for error code details) — falling back to per-copy aclrtMemcpyAsync device_id=6
2026-07-31T15:53:43.545057+00:00   INFO pegaflow_core::storage::prefetch: prefetch.rs:316 Prefetch local-hit timing: req_id=cmpl-bbcad75763ba405e-0-9c6d270a total_keys=1 hit=0 missing=1 key_build=12.699µs cache_scan=14.28µs task_schedule=7.049µs total=69.207µs
2026-07-31T15:53:43.631998+00:00   WARN pegaflow_core::device::ascend: ascend.rs:712 aclrtMemcpyBatchAsync(D2H) failed: error 100000 (see CANN documentation for error code details) — falling back to per-copy aclrtMemcpyAsync device_id=6
2026-07-31T15:53:45.307357+00:00   INFO pegaflow_core::storage::prefetch: prefetch.rs:316 Prefetch local-hit timing: req_id=cmpl-b54766b8c9c263e8-0-b0851da7 total_keys=1 hit=1 missing=0 key_build=9.5µs cache_scan=16.179µs task_schedule=320ns total=54.878µs
2026-07-31T15:53:45.313489+00:00   WARN pegaflow_core::device::ascend: ascend.rs:659 aclrtMemcpyBatchAsync(H2D) failed: error 100000 (see CANN documentation for error code details) — falling back to per-copy aclrtMemcpyAsync device_id=1
2026-07-31T15:53:45.315539+00:00   INFO pegaflow_core::gpu_worker: gpu_worker.rs:508 Load task completed: layers=72 blocks=1 copies=72 bytes=18874368 elapsed_ms=2.60 bandwidth_gbps=7.25 backend=ascend_batch device_id=1
2026-07-31T15:53:47.028111+00:00   INFO pegaflow_core::storage::prefetch: prefetch.rs:316 Prefetch local-hit timing: req_id=cmpl-86750bc782eddb5e-0-975d358a total_keys=1 hit=1 missing=0 key_build=6.909µs cache_scan=11.35µs task_schedule=620ns total=33.888µs
2026-07-31T15:53:47.036827+00:00   WARN pegaflow_core::device::ascend: ascend.rs:659 aclrtMemcpyBatchAsync(H2D) failed: error 100000 (see CANN documentation for error code details) — falling back to per-copy aclrtMemcpyAsync device_id=5
2026-07-31T15:53:47.038474+00:00   INFO pegaflow_core::gpu_worker: gpu_worker.rs:508 Load task completed: layers=72 blocks=1 copies=72 bytes=18874368 elapsed_ms=2.04 bandwidth_gbps=9.23 backend=ascend_batch device_id=5
2026-07-31T15:53:48.746576+00:00   INFO pegaflow_core::storage::prefetch: prefetch.rs:316 Prefetch local-hit timing: req_id=cmpl-beb2ab44c7862d38-0-80721acc total_keys=1 hit=1 missing=0 key_build=7.42µs cache_scan=11.179µs task_schedule=120ns total=35.409µs
2026-07-31T15:53:48.752280+00:00   WARN pegaflow_core::device::ascend: ascend.rs:659 aclrtMemcpyBatchAsync(H2D) failed: error 100000 (see CANN documentation for error code details) — falling back to per-copy aclrtMemcpyAsync device_id=3
2026-07-31T15:53:48.754141+00:00   INFO pegaflow_core::gpu_worker: gpu_worker.rs:508 Load task completed: layers=72 blocks=1 copies=72 bytes=18874368 elapsed_ms=2.15 bandwidth_gbps=8.76 backend=ascend_batch device_id=3
2026-07-31T15:53:50.471734+00:00   INFO pegaflow_core::storage::prefetch: prefetch.rs:316 Prefetch local-hit timing: req_id=cmpl-a9202dfa42cdb9fb-0-ab3625f8 total_keys=1 hit=1 missing=0 key_build=12.319µs cache_scan=22.789µs task_schedule=470ns total=72.447µs
2026-07-31T15:53:50.477961+00:00   WARN pegaflow_core::device::ascend: ascend.rs:659 aclrtMemcpyBatchAsync(H2D) failed: error 100000 (see CANN documentation for error code details) — falling back to per-copy aclrtMemcpyAsync device_id=0
2026-07-31T15:53:50.479976+00:00   INFO pegaflow_core::gpu_worker: gpu_worker.rs:508 Load task completed: layers=72 blocks=1 copies=72 bytes=18874368 elapsed_ms=2.41 bandwidth_gbps=7.84 backend=ascend_batch device_id=0
2026-07-31T15:53:52.188809+00:00   INFO pegaflow_core::storage::prefetch: prefetch.rs:316 Prefetch local-hit timing: req_id=cmpl-ab0efe40371a0c65-0-aad24358 total_keys=1 hit=1 missing=0 key_build=6.52µs cache_scan=12.36µs task_schedule=660ns total=38.029µs
2026-07-31T15:53:52.194689+00:00   WARN pegaflow_core::device::ascend: ascend.rs:659 aclrtMemcpyBatchAsync(H2D) failed: error 100000 (see CANN documentation for error code details) — falling back to per-copy aclrtMemcpyAsync device_id=7
2026-07-31T15:53:52.196820+00:00   INFO pegaflow_core::gpu_worker: gpu_worker.rs:508 Load task completed: layers=72 blocks=1 copies=72 bytes=18874368 elapsed_ms=2.56 bandwidth_gbps=7.36 backend=ascend_batch device_id=7
2026-07-31T15:53:53.910377+00:00   INFO pegaflow_core::storage::prefetch: prefetch.rs:316 Prefetch local-hit timing: req_id=cmpl-937415488912ec82-0-86507a73 total_keys=1 hit=1 missing=0 key_build=5.92µs cache_scan=11.029µs task_schedule=330ns total=30.489µs
2026-07-31T15:53:53.917331+00:00   WARN pegaflow_core::device::ascend: ascend.rs:659 aclrtMemcpyBatchAsync(H2D) failed: error 100000 (see CANN documentation for error code details) — falling back to per-copy aclrtMemcpyAsync device_id=2
2026-07-31T15:53:53.919333+00:00   INFO pegaflow_core::gpu_worker: gpu_worker.rs:508 Load task completed: layers=72 blocks=1 copies=72 bytes=18874368 elapsed_ms=2.43 bandwidth_gbps=7.76 backend=ascend_batch device_id=2
2026-07-31T15:53:55.627817+00:00   INFO pegaflow_core::storage::prefetch: prefetch.rs:316 Prefetch local-hit timing: req_id=cmpl-8a22274e348809ad-0-b46b6880 total_keys=1 hit=1 missing=0 key_build=6.56µs cache_scan=10.88µs task_schedule=329ns total=33.299µs
2026-07-31T15:53:55.633168+00:00   WARN pegaflow_core::device::ascend: ascend.rs:659 aclrtMemcpyBatchAsync(H2D) failed: error 100000 (see CANN documentation for error code details) — falling back to per-copy aclrtMemcpyAsync device_id=4
2026-07-31T15:53:55.634878+00:00   INFO pegaflow_core::gpu_worker: gpu_worker.rs:508 Load task completed: layers=72 blocks=1 copies=72 bytes=18874368 elapsed_ms=1.95 bandwidth_gbps=9.68 backend=ascend_batch device_id=4
2026-07-31T15:53:57.312418+00:00   INFO pegaflow_server::service: service.rs:955 Session closed: instance_id=9f712c73-6946-4ac3-9b7e-6826ac39d772-1c95f665c69a46b4a12163948fe66671 token=2 — running cleanup
2026-07-31T15:53:57.868588+00:00   INFO pegaflow_server::service: service.rs:59 Session cleanup (stream closed): dropped 72 device tensors for instance 9f712c73-6946-4ac3-9b7e-6826ac39d772-1c95f665c69a46b4a12163948fe66671
2026-07-31T15:53:57.868874+00:00   INFO pegaflow_core: lib.rs:471 Unregistered instance: 9f712c73-6946-4ac3-9b7e-6826ac39d772-1c95f665c69a46b4a12163948fe66671
2026-07-31T15:53:58.525967+00:00   INFO pegaflow_server::service: service.rs:955 Session closed: instance_id=80a178d0-e833-4f50-ae32-1a8970ba591e-838ee0807b424f08afe4760667febf38 token=1 — running cleanup
2026-07-31T15:53:59.098337+00:00   INFO pegaflow_server::service: service.rs:59 Session cleanup (stream closed): dropped 72 device tensors for instance 80a178d0-e833-4f50-ae32-1a8970ba591e-838ee0807b424f08afe4760667febf38
2026-07-31T15:53:59.098615+00:00   INFO pegaflow_core: lib.rs:471 Unregistered instance: 80a178d0-e833-4f50-ae32-1a8970ba591e-838ee0807b424f08afe4760667febf38
2026-07-31T15:53:59.743683+00:00   INFO pegaflow_server::service: service.rs:955 Session closed: instance_id=9f9df920-e23b-4fdb-8c8c-950fcb048bd5-c551430a34924c029a9f17398945fed3 token=3 — running cleanup
2026-07-31T15:54:00.454870+00:00   INFO pegaflow_server::service: service.rs:59 Session cleanup (stream closed): dropped 72 device tensors for instance 9f9df920-e23b-4fdb-8c8c-950fcb048bd5-c551430a34924c029a9f17398945fed3
2026-07-31T15:54:00.455183+00:00   INFO pegaflow_core: lib.rs:471 Unregistered instance: 9f9df920-e23b-4fdb-8c8c-950fcb048bd5-c551430a34924c029a9f17398945fed3
2026-07-31T15:54:01.057207+00:00   INFO pegaflow_server::service: service.rs:955 Session closed: instance_id=572fb615-5c9c-401f-8ce4-2552ad12170a-3a86ab10f35c4179ae552943f352b95c token=4 — running cleanup
2026-07-31T15:54:01.669646+00:00   INFO pegaflow_server::service: service.rs:59 Session cleanup (stream closed): dropped 72 device tensors for instance 572fb615-5c9c-401f-8ce4-2552ad12170a-3a86ab10f35c4179ae552943f352b95c
2026-07-31T15:54:01.669926+00:00   INFO pegaflow_core: lib.rs:471 Unregistered instance: 572fb615-5c9c-401f-8ce4-2552ad12170a-3a86ab10f35c4179ae552943f352b95c
2026-07-31T15:54:02.222015+00:00   INFO pegaflow_server::service: service.rs:955 Session closed: instance_id=1dae28db-94d1-4c7d-b9d2-8b99c65ac784-845fa69047524cac928bde7e8cfe64df token=6 — running cleanup
2026-07-31T15:54:02.903556+00:00   INFO pegaflow_server::service: service.rs:59 Session cleanup (stream closed): dropped 72 device tensors for instance 1dae28db-94d1-4c7d-b9d2-8b99c65ac784-845fa69047524cac928bde7e8cfe64df
2026-07-31T15:54:02.903865+00:00   INFO pegaflow_core: lib.rs:471 Unregistered instance: 1dae28db-94d1-4c7d-b9d2-8b99c65ac784-845fa69047524cac928bde7e8cfe64df
2026-07-31T15:54:03.537736+00:00   INFO pegaflow_server::service: service.rs:955 Session closed: instance_id=28139947-f028-4265-a3c4-97df3f00369b-20e08300f635467e9acdc929d7f6e171 token=5 — running cleanup
2026-07-31T15:54:04.251335+00:00   INFO pegaflow_server::service: service.rs:59 Session cleanup (stream closed): dropped 72 device tensors for instance 28139947-f028-4265-a3c4-97df3f00369b-20e08300f635467e9acdc929d7f6e171
2026-07-31T15:54:04.251626+00:00   INFO pegaflow_core: lib.rs:471 Unregistered instance: 28139947-f028-4265-a3c4-97df3f00369b-20e08300f635467e9acdc929d7f6e171
2026-07-31T15:54:04.806040+00:00   INFO pegaflow_server::service: service.rs:955 Session closed: instance_id=f14a3bde-0ccc-4bdd-93c9-b0b87c8c35dd-9d1ae34543044232b2e47eb95ac647d2 token=7 — running cleanup
2026-07-31T15:54:05.462606+00:00   INFO pegaflow_server::service: service.rs:59 Session cleanup (stream closed): dropped 72 device tensors for instance f14a3bde-0ccc-4bdd-93c9-b0b87c8c35dd-9d1ae34543044232b2e47eb95ac647d2
2026-07-31T15:54:05.462916+00:00   INFO pegaflow_core: lib.rs:471 Unregistered instance: f14a3bde-0ccc-4bdd-93c9-b0b87c8c35dd-9d1ae34543044232b2e47eb95ac647d2
2026-07-31T15:54:06.069339+00:00   INFO pegaflow_server::service: service.rs:955 Session closed: instance_id=373acfed-a074-4989-b9b8-c4f782ac146d-af2c77966d414f64bd2b763ec06a3920 token=8 — running cleanup
2026-07-31T15:54:06.779240+00:00   INFO pegaflow_core: lib.rs:471 Unregistered instance: 373acfed-a074-4989-b9b8-c4f782ac146d-af2c77966d414f64bd2b763ec06a3920
2026-07-31T15:59:54.257501+00:00   INFO pegaflow_core::instance: instance.rs:706 Sealed instance topology: instance=1188a2bd-8ba8-41ba-a128-f4c0b29cb3b2-6ea57eecf6ed4684b74a6cb2f6ff43f6, num_layers=72, tp_size=1, world_size=1, total_slots=72
2026-07-31T15:59:54.257750+00:00   INFO pegaflow_core::instance: instance.rs:719 Initialized GPU context: device_id=3, numa_node=NUMA0
2026-07-31T15:59:54.257790+00:00   INFO pegaflow_core: lib.rs:452 Registered context batch: instance=1188a2bd-8ba8-41ba-a128-f4c0b29cb3b2-6ea57eecf6ed4684b74a6cb2f6ff43f6, namespace=audit-shared, device=3, layers=72, tp_rank=0/1, pp_rank=0
2026-07-31T15:59:55.558786+00:00   INFO pegaflow_core::instance: instance.rs:706 Sealed instance topology: instance=1466c290-72aa-4ecd-8764-5cc9c904e46b-4f968d63d2414585bf5b0498cc634bfd, num_layers=72, tp_size=1, world_size=1, total_slots=72
2026-07-31T15:59:55.558948+00:00   INFO pegaflow_core::instance: instance.rs:719 Initialized GPU context: device_id=2, numa_node=NUMA6
2026-07-31T15:59:55.558985+00:00   INFO pegaflow_core: lib.rs:452 Registered context batch: instance=1466c290-72aa-4ecd-8764-5cc9c904e46b-4f968d63d2414585bf5b0498cc634bfd, namespace=audit-shared, device=2, layers=72, tp_rank=0/1, pp_rank=0
2026-07-31T15:59:55.832342+00:00   INFO pegaflow_core::instance: instance.rs:706 Sealed instance topology: instance=524ac96a-768a-447c-81b5-749149d5273e-586f311a48384769968a2e2dbda213ef, num_layers=72, tp_size=1, world_size=1, total_slots=72
2026-07-31T15:59:55.832453+00:00   INFO pegaflow_core::instance: instance.rs:719 Initialized GPU context: device_id=1, numa_node=NUMA0
2026-07-31T15:59:55.832486+00:00   INFO pegaflow_core: lib.rs:452 Registered context batch: instance=524ac96a-768a-447c-81b5-749149d5273e-586f311a48384769968a2e2dbda213ef, namespace=audit-shared, device=1, layers=72, tp_rank=0/1, pp_rank=0
2026-07-31T15:59:56.085209+00:00   INFO pegaflow_core::instance: instance.rs:706 Sealed instance topology: instance=5973b642-9bda-4ee5-b7b4-de46bbd28ba7-813a58e8d8554c0e82e102a10c89bfef, num_layers=72, tp_size=1, world_size=1, total_slots=72
2026-07-31T15:59:56.085316+00:00   INFO pegaflow_core::instance: instance.rs:719 Initialized GPU context: device_id=4, numa_node=NUMA4
2026-07-31T15:59:56.085350+00:00   INFO pegaflow_core: lib.rs:452 Registered context batch: instance=5973b642-9bda-4ee5-b7b4-de46bbd28ba7-813a58e8d8554c0e82e102a10c89bfef, namespace=audit-shared, device=4, layers=72, tp_rank=0/1, pp_rank=0
2026-07-31T15:59:56.403221+00:00   INFO pegaflow_core::instance: instance.rs:706 Sealed instance topology: instance=1ba386ad-21f7-4e44-92f5-f1239456de18-c2aaa62d942f4c2a9b3e38364dd85d10, num_layers=72, tp_size=1, world_size=1, total_slots=72
2026-07-31T15:59:56.403363+00:00   INFO pegaflow_core::instance: instance.rs:719 Initialized GPU context: device_id=5, numa_node=NUMA2
2026-07-31T15:59:56.403399+00:00   INFO pegaflow_core: lib.rs:452 Registered context batch: instance=1ba386ad-21f7-4e44-92f5-f1239456de18-c2aaa62d942f4c2a9b3e38364dd85d10, namespace=audit-shared, device=5, layers=72, tp_rank=0/1, pp_rank=0
2026-07-31T15:59:56.716494+00:00   INFO pegaflow_core::instance: instance.rs:706 Sealed instance topology: instance=6437bee0-b388-4125-97cb-b70943d32cce-524d4425b04b4adc9ef3ff5d46e88a22, num_layers=72, tp_size=1, world_size=1, total_slots=72
2026-07-31T15:59:56.716608+00:00   INFO pegaflow_core::instance: instance.rs:719 Initialized GPU context: device_id=6, numa_node=NUMA4
2026-07-31T15:59:56.716641+00:00   INFO pegaflow_core: lib.rs:452 Registered context batch: instance=6437bee0-b388-4125-97cb-b70943d32cce-524d4425b04b4adc9ef3ff5d46e88a22, namespace=audit-shared, device=6, layers=72, tp_rank=0/1, pp_rank=0
2026-07-31T15:59:56.990035+00:00   INFO pegaflow_core::instance: instance.rs:706 Sealed instance topology: instance=6973d841-cbae-4aa1-a489-c838d13f4df9-98ffab96562f4498bd915d06326ac900, num_layers=72, tp_size=1, world_size=1, total_slots=72
2026-07-31T15:59:56.990225+00:00   INFO pegaflow_core::instance: instance.rs:719 Initialized GPU context: device_id=7, numa_node=NUMA2
2026-07-31T15:59:56.990259+00:00   INFO pegaflow_core: lib.rs:452 Registered context batch: instance=6973d841-cbae-4aa1-a489-c838d13f4df9-98ffab96562f4498bd915d06326ac900, namespace=audit-shared, device=7, layers=72, tp_rank=0/1, pp_rank=0
2026-07-31T15:59:57.355395+00:00   INFO pegaflow_core::instance: instance.rs:706 Sealed instance topology: instance=15c166a3-59fc-4332-82a3-a53c14b1fe03-5d49882f7d3745bd92b5d0235696a8e4, num_layers=72, tp_size=1, world_size=1, total_slots=72
2026-07-31T15:59:57.355542+00:00   INFO pegaflow_core::instance: instance.rs:719 Initialized GPU context: device_id=0, numa_node=NUMA6
2026-07-31T15:59:57.355577+00:00   INFO pegaflow_core: lib.rs:452 Registered context batch: instance=15c166a3-59fc-4332-82a3-a53c14b1fe03-5d49882f7d3745bd92b5d0235696a8e4, namespace=audit-shared, device=0, layers=72, tp_rank=0/1, pp_rank=0
2026-07-31T16:00:11.612045+00:00   INFO pegaflow_server::service: service.rs:931 Session opened: instance_id=524ac96a-768a-447c-81b5-749149d5273e-586f311a48384769968a2e2dbda213ef namespace=audit-shared tp_size=1 world_size=1 token=9
2026-07-31T16:00:18.705594+00:00   INFO pegaflow_server::service: service.rs:931 Session opened: instance_id=15c166a3-59fc-4332-82a3-a53c14b1fe03-5d49882f7d3745bd92b5d0235696a8e4 namespace=audit-shared tp_size=1 world_size=1 token=10
2026-07-31T16:00:21.172698+00:00   INFO pegaflow_server::service: service.rs:931 Session opened: instance_id=1466c290-72aa-4ecd-8764-5cc9c904e46b-4f968d63d2414585bf5b0498cc634bfd namespace=audit-shared tp_size=1 world_size=1 token=11
2026-07-31T16:00:21.836920+00:00   INFO pegaflow_server::service: service.rs:931 Session opened: instance_id=1188a2bd-8ba8-41ba-a128-f4c0b29cb3b2-6ea57eecf6ed4684b74a6cb2f6ff43f6 namespace=audit-shared tp_size=1 world_size=1 token=12
2026-07-31T16:00:24.891457+00:00   INFO pegaflow_server::service: service.rs:931 Session opened: instance_id=1ba386ad-21f7-4e44-92f5-f1239456de18-c2aaa62d942f4c2a9b3e38364dd85d10 namespace=audit-shared tp_size=1 world_size=1 token=13
2026-07-31T16:00:25.673303+00:00   INFO pegaflow_server::service: service.rs:931 Session opened: instance_id=6437bee0-b388-4125-97cb-b70943d32cce-524d4425b04b4adc9ef3ff5d46e88a22 namespace=audit-shared tp_size=1 world_size=1 token=14
2026-07-31T16:00:28.391531+00:00   INFO pegaflow_server::service: service.rs:931 Session opened: instance_id=5973b642-9bda-4ee5-b7b4-de46bbd28ba7-813a58e8d8554c0e82e102a10c89bfef namespace=audit-shared tp_size=1 world_size=1 token=15
2026-07-31T16:00:28.625705+00:00   INFO pegaflow_server::service: service.rs:931 Session opened: instance_id=6973d841-cbae-4aa1-a489-c838d13f4df9-98ffab96562f4498bd915d06326ac900 namespace=audit-shared tp_size=1 world_size=1 token=16
2026-07-31T16:00:31.477625+00:00   INFO pegaflow_core::storage::prefetch: prefetch.rs:316 Prefetch local-hit timing: req_id=cmpl-84c5b7e3a72ca4db-0-b42d5855 total_keys=76 hit=76 missing=0 key_build=59.058µs cache_scan=116.096µs task_schedule=430ns total=215.072µs
2026-07-31T16:00:31.488921+00:00   WARN pegaflow_core::device::ascend: ascend.rs:659 aclrtMemcpyBatchAsync(H2D) failed: error 100000 (see CANN documentation for error code details) — falling back to per-copy aclrtMemcpyAsync device_id=1
2026-07-31T16:00:31.592035+00:00   INFO pegaflow_core::gpu_worker: gpu_worker.rs:508 Load task completed: layers=72 blocks=76 copies=5472 bytes=1434451968 elapsed_ms=106.25 bandwidth_gbps=13.50 backend=ascend_batch device_id=1
2026-07-31T16:00:49.706090+00:00   INFO pegaflow_core::storage::prefetch: prefetch.rs:316 Prefetch local-hit timing: req_id=cmpl-8f294ec8e9e76209-0-8a321d98 total_keys=76 hit=76 missing=0 key_build=74.488µs cache_scan=103.476µs task_schedule=440ns total=201.103µs
2026-07-31T16:00:49.717054+00:00   WARN pegaflow_core::device::ascend: ascend.rs:659 aclrtMemcpyBatchAsync(H2D) failed: error 100000 (see CANN documentation for error code details) — falling back to per-copy aclrtMemcpyAsync device_id=0
2026-07-31T16:00:49.808752+00:00   INFO pegaflow_core::gpu_worker: gpu_worker.rs:508 Load task completed: layers=72 blocks=76 copies=5472 bytes=1434451968 elapsed_ms=94.62 bandwidth_gbps=15.16 backend=ascend_batch device_id=0
2026-07-31T16:00:51.669806+00:00   INFO pegaflow_core::storage::prefetch: prefetch.rs:316 Prefetch local-hit timing: req_id=cmpl-876ecfc805d595ef-0-8d0e73a8 total_keys=76 hit=76 missing=0 key_build=54.038µs cache_scan=84.207µs task_schedule=270ns total=152.694µs
2026-07-31T16:00:51.679372+00:00   WARN pegaflow_core::device::ascend: ascend.rs:659 aclrtMemcpyBatchAsync(H2D) failed: error 100000 (see CANN documentation for error code details) — falling back to per-copy aclrtMemcpyAsync device_id=3
2026-07-31T16:00:51.749707+00:00   INFO pegaflow_core::gpu_worker: gpu_worker.rs:508 Load task completed: layers=72 blocks=76 copies=5472 bytes=1434451968 elapsed_ms=72.90 bandwidth_gbps=19.68 backend=ascend_batch device_id=3
2026-07-31T16:00:53.601986+00:00   INFO pegaflow_core::storage::prefetch: prefetch.rs:316 Prefetch local-hit timing: req_id=cmpl-b1a8663b342970d9-0-9d646258 total_keys=76 hit=76 missing=0 key_build=55.728µs cache_scan=98.176µs task_schedule=340ns total=172.143µs
2026-07-31T16:00:53.612794+00:00   WARN pegaflow_core::device::ascend: ascend.rs:659 aclrtMemcpyBatchAsync(H2D) failed: error 100000 (see CANN documentation for error code details) — falling back to per-copy aclrtMemcpyAsync device_id=2
2026-07-31T16:00:53.703002+00:00   INFO pegaflow_core::gpu_worker: gpu_worker.rs:508 Load task completed: layers=72 blocks=76 copies=5472 bytes=1434451968 elapsed_ms=92.94 bandwidth_gbps=15.43 backend=ascend_batch device_id=2
2026-07-31T16:00:55.559249+00:00   INFO pegaflow_core::storage::prefetch: prefetch.rs:316 Prefetch local-hit timing: req_id=cmpl-950cdd8fbdd69dd7-0-9c247f74 total_keys=76 hit=76 missing=0 key_build=48.458µs cache_scan=84.427µs task_schedule=260ns total=147.745µs
2026-07-31T16:00:55.568690+00:00   WARN pegaflow_core::device::ascend: ascend.rs:659 aclrtMemcpyBatchAsync(H2D) failed: error 100000 (see CANN documentation for error code details) — falling back to per-copy aclrtMemcpyAsync device_id=5
2026-07-31T16:00:55.658486+00:00   INFO pegaflow_core::gpu_worker: gpu_worker.rs:508 Load task completed: layers=72 blocks=76 copies=5472 bytes=1434451968 elapsed_ms=92.45 bandwidth_gbps=15.52 backend=ascend_batch device_id=5
2026-07-31T16:00:57.528564+00:00   INFO pegaflow_core::storage::prefetch: prefetch.rs:316 Prefetch local-hit timing: req_id=cmpl-b8d5459aa8060a98-0-ad0c8983 total_keys=76 hit=76 missing=0 key_build=66.958µs cache_scan=94.416µs task_schedule=480ns total=194.353µs
2026-07-31T16:00:57.539103+00:00   WARN pegaflow_core::device::ascend: ascend.rs:659 aclrtMemcpyBatchAsync(H2D) failed: error 100000 (see CANN documentation for error code details) — falling back to per-copy aclrtMemcpyAsync device_id=6
2026-07-31T16:00:57.634193+00:00   INFO pegaflow_core::gpu_worker: gpu_worker.rs:508 Load task completed: layers=72 blocks=76 copies=5472 bytes=1434451968 elapsed_ms=97.59 bandwidth_gbps=14.70 backend=ascend_batch device_id=6
2026-07-31T16:00:59.492036+00:00   INFO pegaflow_core::storage::prefetch: prefetch.rs:316 Prefetch local-hit timing: req_id=cmpl-a54bc906c7ea50ce-0-9ad899f4 total_keys=76 hit=76 missing=0 key_build=69.577µs cache_scan=103.936µs task_schedule=470ns total=198.422µs
2026-07-31T16:00:59.502383+00:00   WARN pegaflow_core::device::ascend: ascend.rs:659 aclrtMemcpyBatchAsync(H2D) failed: error 100000 (see CANN documentation for error code details) — falling back to per-copy aclrtMemcpyAsync device_id=4
2026-07-31T16:00:59.586094+00:00   INFO pegaflow_core::gpu_worker: gpu_worker.rs:508 Load task completed: layers=72 blocks=76 copies=5472 bytes=1434451968 elapsed_ms=85.92 bandwidth_gbps=16.70 backend=ascend_batch device_id=4
2026-07-31T16:01:01.437906+00:00   INFO pegaflow_core::storage::prefetch: prefetch.rs:316 Prefetch local-hit timing: req_id=cmpl-b45153edc066c73a-0-af4c3699 total_keys=76 hit=76 missing=0 key_build=73.097µs cache_scan=103.776µs task_schedule=450ns total=212.932µs
2026-07-31T16:01:01.448632+00:00   WARN pegaflow_core::device::ascend: ascend.rs:659 aclrtMemcpyBatchAsync(H2D) failed: error 100000 (see CANN documentation for error code details) — falling back to per-copy aclrtMemcpyAsync device_id=7
2026-07-31T16:01:01.539884+00:00   INFO pegaflow_core::gpu_worker: gpu_worker.rs:508 Load task completed: layers=72 blocks=76 copies=5472 bytes=1434451968 elapsed_ms=94.05 bandwidth_gbps=15.25 backend=ascend_batch device_id=7
2026-07-31T16:01:17.532110+00:00   INFO pegaflow_core::storage::prefetch: prefetch.rs:316 Prefetch local-hit timing: req_id=cmpl-98181f3cb4f0df38-0-8547c00e total_keys=1 hit=1 missing=0 key_build=10.849µs cache_scan=14.05µs task_schedule=310ns total=43.308µs
2026-07-31T16:01:17.537851+00:00   WARN pegaflow_core::device::ascend: ascend.rs:659 aclrtMemcpyBatchAsync(H2D) failed: error 100000 (see CANN documentation for error code details) — falling back to per-copy aclrtMemcpyAsync device_id=1
2026-07-31T16:01:17.539424+00:00   INFO pegaflow_core::gpu_worker: gpu_worker.rs:508 Load task completed: layers=72 blocks=1 copies=72 bytes=18874368 elapsed_ms=1.85 bandwidth_gbps=10.19 backend=ascend_batch device_id=1
2026-07-31T16:01:19.247567+00:00   INFO pegaflow_core::storage::prefetch: prefetch.rs:316 Prefetch local-hit timing: req_id=cmpl-a8a88f80e8ee3bbe-0-8f6b939a total_keys=1 hit=1 missing=0 key_build=12.46µs cache_scan=24.679µs task_schedule=450ns total=74.187µs
2026-07-31T16:01:19.253723+00:00   WARN pegaflow_core::device::ascend: ascend.rs:659 aclrtMemcpyBatchAsync(H2D) failed: error 100000 (see CANN documentation for error code details) — falling back to per-copy aclrtMemcpyAsync device_id=0
2026-07-31T16:01:19.255702+00:00   INFO pegaflow_core::gpu_worker: gpu_worker.rs:508 Load task completed: layers=72 blocks=1 copies=72 bytes=18874368 elapsed_ms=2.24 bandwidth_gbps=8.44 backend=ascend_batch device_id=0
2026-07-31T16:01:20.974855+00:00   INFO pegaflow_core::storage::prefetch: prefetch.rs:316 Prefetch local-hit timing: req_id=cmpl-a200447726c6dafc-0-aedc0e02 total_keys=1 hit=1 missing=0 key_build=7.94µs cache_scan=15.36µs task_schedule=310ns total=45.059µs
2026-07-31T16:01:20.980860+00:00   WARN pegaflow_core::device::ascend: ascend.rs:659 aclrtMemcpyBatchAsync(H2D) failed: error 100000 (see CANN documentation for error code details) — falling back to per-copy aclrtMemcpyAsync device_id=3
2026-07-31T16:01:20.982627+00:00   INFO pegaflow_core::gpu_worker: gpu_worker.rs:508 Load task completed: layers=72 blocks=1 copies=72 bytes=18874368 elapsed_ms=2.02 bandwidth_gbps=9.33 backend=ascend_batch device_id=3
2026-07-31T16:01:22.695981+00:00   INFO pegaflow_core::storage::prefetch: prefetch.rs:316 Prefetch local-hit timing: req_id=cmpl-866ed04efaae0af2-0-ab163ea5 total_keys=1 hit=1 missing=0 key_build=6.54µs cache_scan=10.63µs task_schedule=150ns total=34.669µs
2026-07-31T16:01:22.702678+00:00   WARN pegaflow_core::device::ascend: ascend.rs:659 aclrtMemcpyBatchAsync(H2D) failed: error 100000 (see CANN documentation for error code details) — falling back to per-copy aclrtMemcpyAsync device_id=2
2026-07-31T16:01:22.704782+00:00   INFO pegaflow_core::gpu_worker: gpu_worker.rs:508 Load task completed: layers=72 blocks=1 copies=72 bytes=18874368 elapsed_ms=2.36 bandwidth_gbps=8.00 backend=ascend_batch device_id=2
2026-07-31T16:01:24.405511+00:00   INFO pegaflow_core::storage::prefetch: prefetch.rs:316 Prefetch local-hit timing: req_id=cmpl-bbdbee4ba4cf75dd-0-99c8e492 total_keys=1 hit=1 missing=0 key_build=12.41µs cache_scan=21.739µs task_schedule=600ns total=68.967µs
2026-07-31T16:01:24.411649+00:00   WARN pegaflow_core::device::ascend: ascend.rs:659 aclrtMemcpyBatchAsync(H2D) failed: error 100000 (see CANN documentation for error code details) — falling back to per-copy aclrtMemcpyAsync device_id=5
2026-07-31T16:01:24.413592+00:00   INFO pegaflow_core::gpu_worker: gpu_worker.rs:508 Load task completed: layers=72 blocks=1 copies=72 bytes=18874368 elapsed_ms=2.21 bandwidth_gbps=8.53 backend=ascend_batch device_id=5
2026-07-31T16:01:26.124162+00:00   INFO pegaflow_core::storage::prefetch: prefetch.rs:316 Prefetch local-hit timing: req_id=cmpl-92ff6b716073a896-0-a68c7fdd total_keys=1 hit=1 missing=0 key_build=6.08µs cache_scan=10.069µs task_schedule=130ns total=29.169µs
2026-07-31T16:01:26.130844+00:00   WARN pegaflow_core::device::ascend: ascend.rs:659 aclrtMemcpyBatchAsync(H2D) failed: error 100000 (see CANN documentation for error code details) — falling back to per-copy aclrtMemcpyAsync device_id=6
2026-07-31T16:01:26.132712+00:00   INFO pegaflow_core::gpu_worker: gpu_worker.rs:508 Load task completed: layers=72 blocks=1 copies=72 bytes=18874368 elapsed_ms=2.11 bandwidth_gbps=8.96 backend=ascend_batch device_id=6
2026-07-31T16:01:27.838136+00:00   INFO pegaflow_core::storage::prefetch: prefetch.rs:316 Prefetch local-hit timing: req_id=cmpl-a30d491bb21d92e1-0-ab2cf193 total_keys=1 hit=1 missing=0 key_build=8.71µs cache_scan=15.889µs task_schedule=440ns total=45.209µs
2026-07-31T16:01:27.843853+00:00   WARN pegaflow_core::device::ascend: ascend.rs:659 aclrtMemcpyBatchAsync(H2D) failed: error 100000 (see CANN documentation for error code details) — falling back to per-copy aclrtMemcpyAsync device_id=4
2026-07-31T16:01:27.845620+00:00   INFO pegaflow_core::gpu_worker: gpu_worker.rs:508 Load task completed: layers=72 blocks=1 copies=72 bytes=18874368 elapsed_ms=1.93 bandwidth_gbps=9.76 backend=ascend_batch device_id=4
2026-07-31T16:01:29.555280+00:00   INFO pegaflow_core::storage::prefetch: prefetch.rs:316 Prefetch local-hit timing: req_id=cmpl-941a7b6ea516a404-0-8a329c52 total_keys=1 hit=1 missing=0 key_build=12.319µs cache_scan=23.549µs task_schedule=490ns total=74.017µs
2026-07-31T16:01:29.561349+00:00   WARN pegaflow_core::device::ascend: ascend.rs:659 aclrtMemcpyBatchAsync(H2D) failed: error 100000 (see CANN documentation for error code details) — falling back to per-copy aclrtMemcpyAsync device_id=7
2026-07-31T16:01:29.563303+00:00   INFO pegaflow_core::gpu_worker: gpu_worker.rs:508 Load task completed: layers=72 blocks=1 copies=72 bytes=18874368 elapsed_ms=2.20 bandwidth_gbps=8.59 backend=ascend_batch device_id=7
2026-07-31T16:01:31.242662+00:00   INFO pegaflow_server::service: service.rs:955 Session closed: instance_id=524ac96a-768a-447c-81b5-749149d5273e-586f311a48384769968a2e2dbda213ef token=9 — running cleanup
2026-07-31T16:01:31.743781+00:00   INFO pegaflow_core: lib.rs:471 Unregistered instance: 524ac96a-768a-447c-81b5-749149d5273e-586f311a48384769968a2e2dbda213ef
2026-07-31T16:01:32.608264+00:00   INFO pegaflow_server::service: service.rs:955 Session closed: instance_id=15c166a3-59fc-4332-82a3-a53c14b1fe03-5d49882f7d3745bd92b5d0235696a8e4 token=10 — running cleanup
2026-07-31T16:01:33.160422+00:00   INFO pegaflow_server::service: service.rs:59 Session cleanup (stream closed): dropped 72 device tensors for instance 15c166a3-59fc-4332-82a3-a53c14b1fe03-5d49882f7d3745bd92b5d0235696a8e4
2026-07-31T16:01:33.160703+00:00   INFO pegaflow_core: lib.rs:471 Unregistered instance: 15c166a3-59fc-4332-82a3-a53c14b1fe03-5d49882f7d3745bd92b5d0235696a8e4
2026-07-31T16:01:33.827431+00:00   INFO pegaflow_server::service: service.rs:955 Session closed: instance_id=1188a2bd-8ba8-41ba-a128-f4c0b29cb3b2-6ea57eecf6ed4684b74a6cb2f6ff43f6 token=12 — running cleanup
2026-07-31T16:01:34.501500+00:00   INFO pegaflow_server::service: service.rs:59 Session cleanup (stream closed): dropped 72 device tensors for instance 1188a2bd-8ba8-41ba-a128-f4c0b29cb3b2-6ea57eecf6ed4684b74a6cb2f6ff43f6
2026-07-31T16:01:34.501780+00:00   INFO pegaflow_core: lib.rs:471 Unregistered instance: 1188a2bd-8ba8-41ba-a128-f4c0b29cb3b2-6ea57eecf6ed4684b74a6cb2f6ff43f6
2026-07-31T16:01:35.089330+00:00   INFO pegaflow_server::service: service.rs:955 Session closed: instance_id=1466c290-72aa-4ecd-8764-5cc9c904e46b-4f968d63d2414585bf5b0498cc634bfd token=11 — running cleanup
2026-07-31T16:01:35.785329+00:00   INFO pegaflow_core: lib.rs:471 Unregistered instance: 1466c290-72aa-4ecd-8764-5cc9c904e46b-4f968d63d2414585bf5b0498cc634bfd
2026-07-31T16:01:36.403397+00:00   INFO pegaflow_server::service: service.rs:955 Session closed: instance_id=1ba386ad-21f7-4e44-92f5-f1239456de18-c2aaa62d942f4c2a9b3e38364dd85d10 token=13 — running cleanup
2026-07-31T16:01:37.040757+00:00   INFO pegaflow_core: lib.rs:471 Unregistered instance: 1ba386ad-21f7-4e44-92f5-f1239456de18-c2aaa62d942f4c2a9b3e38364dd85d10
2026-07-31T16:01:37.869021+00:00   INFO pegaflow_server::service: service.rs:955 Session closed: instance_id=6437bee0-b388-4125-97cb-b70943d32cce-524d4425b04b4adc9ef3ff5d46e88a22 token=14 — running cleanup
2026-07-31T16:01:38.466477+00:00   INFO pegaflow_server::service: service.rs:59 Session cleanup (stream closed): dropped 72 device tensors for instance 6437bee0-b388-4125-97cb-b70943d32cce-524d4425b04b4adc9ef3ff5d46e88a22
2026-07-31T16:01:38.466766+00:00   INFO pegaflow_core: lib.rs:471 Unregistered instance: 6437bee0-b388-4125-97cb-b70943d32cce-524d4425b04b4adc9ef3ff5d46e88a22
2026-07-31T16:01:39.185767+00:00   INFO pegaflow_server::service: service.rs:955 Session closed: instance_id=5973b642-9bda-4ee5-b7b4-de46bbd28ba7-813a58e8d8554c0e82e102a10c89bfef token=15 — running cleanup
2026-07-31T16:01:39.807343+00:00   INFO pegaflow_server::service: service.rs:59 Session cleanup (stream closed): dropped 72 device tensors for instance 5973b642-9bda-4ee5-b7b4-de46bbd28ba7-813a58e8d8554c0e82e102a10c89bfef
2026-07-31T16:01:39.807634+00:00   INFO pegaflow_core: lib.rs:471 Unregistered instance: 5973b642-9bda-4ee5-b7b4-de46bbd28ba7-813a58e8d8554c0e82e102a10c89bfef
2026-07-31T16:01:40.453748+00:00   INFO pegaflow_server::service: service.rs:955 Session closed: instance_id=6973d841-cbae-4aa1-a489-c838d13f4df9-98ffab96562f4498bd915d06326ac900 token=16 — running cleanup
2026-07-31T16:01:40.977038+00:00   INFO pegaflow_core: lib.rs:471 Unregistered instance: 6973d841-cbae-4aa1-a489-c838d13f4df9-98ffab96562f4498bd915d06326ac900
2026-07-31T16:07:25.961890+00:00   INFO pegaflow_core::instance: instance.rs:706 Sealed instance topology: instance=a2b133a7-6433-4c78-939a-cdfce681b843-b9f2ba511ab24ff28019e08ab3627c31, num_layers=72, tp_size=1, world_size=1, total_slots=72
2026-07-31T16:07:25.962157+00:00   INFO pegaflow_core::instance: instance.rs:719 Initialized GPU context: device_id=6, numa_node=NUMA4
2026-07-31T16:07:25.962195+00:00   INFO pegaflow_core: lib.rs:452 Registered context batch: instance=a2b133a7-6433-4c78-939a-cdfce681b843-b9f2ba511ab24ff28019e08ab3627c31, namespace=audit-shared, device=6, layers=72, tp_rank=0/1, pp_rank=0
2026-07-31T16:07:27.605880+00:00   INFO pegaflow_core::instance: instance.rs:706 Sealed instance topology: instance=d15673b3-8ac2-481f-acc7-b2887ba47ca0-51ecaa10db7d40e4a7bf3329c61a182e, num_layers=72, tp_size=1, world_size=1, total_slots=72
2026-07-31T16:07:27.606095+00:00   INFO pegaflow_core::instance: instance.rs:719 Initialized GPU context: device_id=5, numa_node=NUMA2
2026-07-31T16:07:27.606133+00:00   INFO pegaflow_core: lib.rs:452 Registered context batch: instance=d15673b3-8ac2-481f-acc7-b2887ba47ca0-51ecaa10db7d40e4a7bf3329c61a182e, namespace=audit-shared, device=5, layers=72, tp_rank=0/1, pp_rank=0
2026-07-31T16:07:27.887176+00:00   INFO pegaflow_core::instance: instance.rs:706 Sealed instance topology: instance=34b61f35-1088-415f-ad36-8a369bfb9004-0c0a6b4d36984577bf05b3485d36d043, num_layers=72, tp_size=1, world_size=1, total_slots=72
2026-07-31T16:07:27.887297+00:00   INFO pegaflow_core::instance: instance.rs:719 Initialized GPU context: device_id=7, numa_node=NUMA2
2026-07-31T16:07:27.887331+00:00   INFO pegaflow_core: lib.rs:452 Registered context batch: instance=34b61f35-1088-415f-ad36-8a369bfb9004-0c0a6b4d36984577bf05b3485d36d043, namespace=audit-shared, device=7, layers=72, tp_rank=0/1, pp_rank=0
2026-07-31T16:07:28.158221+00:00   INFO pegaflow_core::instance: instance.rs:706 Sealed instance topology: instance=a4192260-76f4-4885-b884-0cacbd5dd746-295131c0e82445a286fa446cae27e422, num_layers=72, tp_size=1, world_size=1, total_slots=72
2026-07-31T16:07:28.158326+00:00   INFO pegaflow_core::instance: instance.rs:719 Initialized GPU context: device_id=2, numa_node=NUMA6
2026-07-31T16:07:28.158358+00:00   INFO pegaflow_core: lib.rs:452 Registered context batch: instance=a4192260-76f4-4885-b884-0cacbd5dd746-295131c0e82445a286fa446cae27e422, namespace=audit-shared, device=2, layers=72, tp_rank=0/1, pp_rank=0
2026-07-31T16:07:28.434793+00:00   INFO pegaflow_core::instance: instance.rs:706 Sealed instance topology: instance=a45842a4-f207-4412-98ab-c0c541eaf4ee-5ccf2818a92e4a51ad88d2d5ca70b625, num_layers=72, tp_size=1, world_size=1, total_slots=72
2026-07-31T16:07:28.434957+00:00   INFO pegaflow_core::instance: instance.rs:719 Initialized GPU context: device_id=1, numa_node=NUMA0
2026-07-31T16:07:28.434989+00:00   INFO pegaflow_core: lib.rs:452 Registered context batch: instance=a45842a4-f207-4412-98ab-c0c541eaf4ee-5ccf2818a92e4a51ad88d2d5ca70b625, namespace=audit-shared, device=1, layers=72, tp_rank=0/1, pp_rank=0
2026-07-31T16:07:28.695079+00:00   INFO pegaflow_core::instance: instance.rs:706 Sealed instance topology: instance=5a049f6d-dc2e-4f22-836f-e80a6fa7e26a-1629e397d5c140b38605cf54b906d64f, num_layers=72, tp_size=1, world_size=1, total_slots=72
2026-07-31T16:07:28.695224+00:00   INFO pegaflow_core::instance: instance.rs:719 Initialized GPU context: device_id=4, numa_node=NUMA4
2026-07-31T16:07:28.695259+00:00   INFO pegaflow_core: lib.rs:452 Registered context batch: instance=5a049f6d-dc2e-4f22-836f-e80a6fa7e26a-1629e397d5c140b38605cf54b906d64f, namespace=audit-shared, device=4, layers=72, tp_rank=0/1, pp_rank=0
2026-07-31T16:07:29.004920+00:00   INFO pegaflow_core::instance: instance.rs:706 Sealed instance topology: instance=a6bd10f2-c943-46f3-911e-02378e9bd42b-35c876e21c3244f7b517571d4bc72233, num_layers=72, tp_size=1, world_size=1, total_slots=72
2026-07-31T16:07:29.005116+00:00   INFO pegaflow_core::instance: instance.rs:719 Initialized GPU context: device_id=3, numa_node=NUMA0
2026-07-31T16:07:29.005150+00:00   INFO pegaflow_core: lib.rs:452 Registered context batch: instance=a6bd10f2-c943-46f3-911e-02378e9bd42b-35c876e21c3244f7b517571d4bc72233, namespace=audit-shared, device=3, layers=72, tp_rank=0/1, pp_rank=0
2026-07-31T16:07:29.349257+00:00   INFO pegaflow_core::instance: instance.rs:706 Sealed instance topology: instance=39eac753-f0ea-4dc7-a259-373e50fd3fa5-b163c070365744f486f44f858f1c69d7, num_layers=72, tp_size=1, world_size=1, total_slots=72
2026-07-31T16:07:29.349419+00:00   INFO pegaflow_core::instance: instance.rs:719 Initialized GPU context: device_id=0, numa_node=NUMA6
2026-07-31T16:07:29.349454+00:00   INFO pegaflow_core: lib.rs:452 Registered context batch: instance=39eac753-f0ea-4dc7-a259-373e50fd3fa5-b163c070365744f486f44f858f1c69d7, namespace=audit-shared, device=0, layers=72, tp_rank=0/1, pp_rank=0
2026-07-31T16:07:44.371737+00:00   INFO pegaflow_server::service: service.rs:931 Session opened: instance_id=a45842a4-f207-4412-98ab-c0c541eaf4ee-5ccf2818a92e4a51ad88d2d5ca70b625 namespace=audit-shared tp_size=1 world_size=1 token=17
2026-07-31T16:07:45.329186+00:00   INFO pegaflow_server::service: service.rs:931 Session opened: instance_id=a4192260-76f4-4885-b884-0cacbd5dd746-295131c0e82445a286fa446cae27e422 namespace=audit-shared tp_size=1 world_size=1 token=18
2026-07-31T16:07:46.108037+00:00   INFO pegaflow_server::service: service.rs:931 Session opened: instance_id=34b61f35-1088-415f-ad36-8a369bfb9004-0c0a6b4d36984577bf05b3485d36d043 namespace=audit-shared tp_size=1 world_size=1 token=19
2026-07-31T16:07:52.596591+00:00   INFO pegaflow_server::service: service.rs:931 Session opened: instance_id=d15673b3-8ac2-481f-acc7-b2887ba47ca0-51ecaa10db7d40e4a7bf3329c61a182e namespace=audit-shared tp_size=1 world_size=1 token=20
2026-07-31T16:07:52.951727+00:00   INFO pegaflow_server::service: service.rs:931 Session opened: instance_id=39eac753-f0ea-4dc7-a259-373e50fd3fa5-b163c070365744f486f44f858f1c69d7 namespace=audit-shared tp_size=1 world_size=1 token=21
2026-07-31T16:07:57.645039+00:00   INFO pegaflow_server::service: service.rs:931 Session opened: instance_id=a6bd10f2-c943-46f3-911e-02378e9bd42b-35c876e21c3244f7b517571d4bc72233 namespace=audit-shared tp_size=1 world_size=1 token=22
2026-07-31T16:08:04.148846+00:00   INFO pegaflow_server::service: service.rs:931 Session opened: instance_id=a2b133a7-6433-4c78-939a-cdfce681b843-b9f2ba511ab24ff28019e08ab3627c31 namespace=audit-shared tp_size=1 world_size=1 token=23
2026-07-31T16:08:05.925172+00:00   INFO pegaflow_server::service: service.rs:931 Session opened: instance_id=5a049f6d-dc2e-4f22-836f-e80a6fa7e26a-1629e397d5c140b38605cf54b906d64f namespace=audit-shared tp_size=1 world_size=1 token=24
2026-07-31T16:08:08.427846+00:00   INFO pegaflow_core::storage::prefetch: prefetch.rs:316 Prefetch local-hit timing: req_id=cmpl-a60e0e092853ae62-0-b869adeb total_keys=76 hit=76 missing=0 key_build=60.578µs cache_scan=122.385µs task_schedule=440ns total=223.731µs
2026-07-31T16:08:08.438191+00:00   WARN pegaflow_core::device::ascend: ascend.rs:659 aclrtMemcpyBatchAsync(H2D) failed: error 100000 (see CANN documentation for error code details) — falling back to per-copy aclrtMemcpyAsync device_id=1
2026-07-31T16:08:08.509469+00:00   INFO pegaflow_core::gpu_worker: gpu_worker.rs:508 Load task completed: layers=72 blocks=76 copies=5472 bytes=1434451968 elapsed_ms=73.94 bandwidth_gbps=19.40 backend=ascend_batch device_id=1
2026-07-31T16:08:26.640710+00:00   INFO pegaflow_core::storage::prefetch: prefetch.rs:316 Prefetch local-hit timing: req_id=cmpl-a75f71015a99890c-0-b52428c9 total_keys=76 hit=76 missing=0 key_build=62.957µs cache_scan=105.916µs task_schedule=440ns total=204.712µs
2026-07-31T16:08:26.651722+00:00   WARN pegaflow_core::device::ascend: ascend.rs:659 aclrtMemcpyBatchAsync(H2D) failed: error 100000 (see CANN documentation for error code details) — falling back to per-copy aclrtMemcpyAsync device_id=7
2026-07-31T16:08:26.751357+00:00   INFO pegaflow_core::gpu_worker: gpu_worker.rs:508 Load task completed: layers=72 blocks=76 copies=5472 bytes=1434451968 elapsed_ms=102.57 bandwidth_gbps=13.99 backend=ascend_batch device_id=7
2026-07-31T16:08:28.608779+00:00   INFO pegaflow_core::storage::prefetch: prefetch.rs:316 Prefetch local-hit timing: req_id=cmpl-ade1c822e2731080-0-b5e3c1de total_keys=76 hit=76 missing=0 key_build=63.317µs cache_scan=93.777µs task_schedule=270ns total=181.363µs
2026-07-31T16:08:28.619219+00:00   WARN pegaflow_core::device::ascend: ascend.rs:659 aclrtMemcpyBatchAsync(H2D) failed: error 100000 (see CANN documentation for error code details) — falling back to per-copy aclrtMemcpyAsync device_id=2
2026-07-31T16:08:28.693423+00:00   INFO pegaflow_core::gpu_worker: gpu_worker.rs:508 Load task completed: layers=72 blocks=76 copies=5472 bytes=1434451968 elapsed_ms=76.98 bandwidth_gbps=18.64 backend=ascend_batch device_id=2
2026-07-31T16:08:30.550514+00:00   INFO pegaflow_core::storage::prefetch: prefetch.rs:316 Prefetch local-hit timing: req_id=cmpl-af677841dca977ce-0-82ab3896 total_keys=76 hit=76 missing=0 key_build=131.605µs cache_scan=97.667µs task_schedule=550ns total=262.16µs
2026-07-31T16:08:30.561626+00:00   WARN pegaflow_core::device::ascend: ascend.rs:659 aclrtMemcpyBatchAsync(H2D) failed: error 100000 (see CANN documentation for error code details) — falling back to per-copy aclrtMemcpyAsync device_id=5
2026-07-31T16:08:30.646675+00:00   INFO pegaflow_core::gpu_worker: gpu_worker.rs:508 Load task completed: layers=72 blocks=76 copies=5472 bytes=1434451968 elapsed_ms=87.77 bandwidth_gbps=16.34 backend=ascend_batch device_id=5
2026-07-31T16:08:32.506024+00:00   INFO pegaflow_core::storage::prefetch: prefetch.rs:316 Prefetch local-hit timing: req_id=cmpl-b2faf8cc2e8304e8-0-aac45553 total_keys=76 hit=76 missing=0 key_build=65.877µs cache_scan=92.297µs task_schedule=450ns total=187.923µs
2026-07-31T16:08:32.517032+00:00   WARN pegaflow_core::device::ascend: ascend.rs:659 aclrtMemcpyBatchAsync(H2D) failed: error 100000 (see CANN documentation for error code details) — falling back to per-copy aclrtMemcpyAsync device_id=0
2026-07-31T16:08:32.601094+00:00   INFO pegaflow_core::gpu_worker: gpu_worker.rs:508 Load task completed: layers=72 blocks=76 copies=5472 bytes=1434451968 elapsed_ms=86.76 bandwidth_gbps=16.53 backend=ascend_batch device_id=0
2026-07-31T16:08:34.456702+00:00   INFO pegaflow_core::storage::prefetch: prefetch.rs:316 Prefetch local-hit timing: req_id=cmpl-97897cbb4276c2a8-0-b8a06c06 total_keys=76 hit=76 missing=0 key_build=68.837µs cache_scan=92.727µs task_schedule=459ns total=193.332µs
2026-07-31T16:08:34.467174+00:00   WARN pegaflow_core::device::ascend: ascend.rs:659 aclrtMemcpyBatchAsync(H2D) failed: error 100000 (see CANN documentation for error code details) — falling back to per-copy aclrtMemcpyAsync device_id=3
2026-07-31T16:08:34.565326+00:00   INFO pegaflow_core::gpu_worker: gpu_worker.rs:508 Load task completed: layers=72 blocks=76 copies=5472 bytes=1434451968 elapsed_ms=100.77 bandwidth_gbps=14.24 backend=ascend_batch device_id=3
2026-07-31T16:08:36.441987+00:00   INFO pegaflow_core::storage::prefetch: prefetch.rs:316 Prefetch local-hit timing: req_id=cmpl-ab8aeb2d9eadb54d-0-854dafd0 total_keys=76 hit=76 missing=0 key_build=69.938µs cache_scan=103.256µs task_schedule=430ns total=209.862µs
2026-07-31T16:08:36.451117+00:00   WARN pegaflow_core::device::ascend: ascend.rs:659 aclrtMemcpyBatchAsync(H2D) failed: error 100000 (see CANN documentation for error code details) — falling back to per-copy aclrtMemcpyAsync device_id=6
2026-07-31T16:08:36.541721+00:00   INFO pegaflow_core::gpu_worker: gpu_worker.rs:508 Load task completed: layers=72 blocks=76 copies=5472 bytes=1434451968 elapsed_ms=92.80 bandwidth_gbps=15.46 backend=ascend_batch device_id=6
2026-07-31T16:08:38.373767+00:00   INFO pegaflow_core::storage::prefetch: prefetch.rs:316 Prefetch local-hit timing: req_id=cmpl-b789150839491272-0-9d5c528e total_keys=76 hit=76 missing=0 key_build=67.707µs cache_scan=116.886µs task_schedule=470ns total=221.171µs
2026-07-31T16:08:38.382987+00:00   WARN pegaflow_core::device::ascend: ascend.rs:659 aclrtMemcpyBatchAsync(H2D) failed: error 100000 (see CANN documentation for error code details) — falling back to per-copy aclrtMemcpyAsync device_id=4
2026-07-31T16:08:38.472133+00:00   INFO pegaflow_core::gpu_worker: gpu_worker.rs:508 Load task completed: layers=72 blocks=76 copies=5472 bytes=1434451968 elapsed_ms=91.31 bandwidth_gbps=15.71 backend=ascend_batch device_id=4
2026-07-31T16:08:54.463163+00:00   INFO pegaflow_core::storage::prefetch: prefetch.rs:316 Prefetch local-hit timing: req_id=cmpl-881a92cf217bbade-0-afe2061c total_keys=1 hit=1 missing=0 key_build=14.34µs cache_scan=38.248µs task_schedule=550ns total=101.486µs
2026-07-31T16:08:54.469454+00:00   WARN pegaflow_core::device::ascend: ascend.rs:659 aclrtMemcpyBatchAsync(H2D) failed: error 100000 (see CANN documentation for error code details) — falling back to per-copy aclrtMemcpyAsync device_id=1
2026-07-31T16:08:54.471515+00:00   INFO pegaflow_core::gpu_worker: gpu_worker.rs:508 Load task completed: layers=72 blocks=1 copies=72 bytes=18874368 elapsed_ms=2.40 bandwidth_gbps=7.86 backend=ascend_batch device_id=1
2026-07-31T16:08:56.185070+00:00   INFO pegaflow_core::storage::prefetch: prefetch.rs:316 Prefetch local-hit timing: req_id=cmpl-8520f1d9bf11b9e4-0-808c3fcd total_keys=1 hit=1 missing=0 key_build=5.7µs cache_scan=9.49µs task_schedule=160ns total=27.989µs
2026-07-31T16:08:56.192245+00:00   WARN pegaflow_core::device::ascend: ascend.rs:659 aclrtMemcpyBatchAsync(H2D) failed: error 100000 (see CANN documentation for error code details) — falling back to per-copy aclrtMemcpyAsync device_id=7
2026-07-31T16:08:56.194290+00:00   INFO pegaflow_core::gpu_worker: gpu_worker.rs:508 Load task completed: layers=72 blocks=1 copies=72 bytes=18874368 elapsed_ms=2.39 bandwidth_gbps=7.90 backend=ascend_batch device_id=7
2026-07-31T16:08:57.903821+00:00   INFO pegaflow_core::storage::prefetch: prefetch.rs:316 Prefetch local-hit timing: req_id=cmpl-936bde504cd2d62a-0-9f55ea8b total_keys=1 hit=1 missing=0 key_build=12.879µs cache_scan=25.539µs task_schedule=550ns total=77.697µs
2026-07-31T16:08:57.910226+00:00   WARN pegaflow_core::device::ascend: ascend.rs:659 aclrtMemcpyBatchAsync(H2D) failed: error 100000 (see CANN documentation for error code details) — falling back to per-copy aclrtMemcpyAsync device_id=2
2026-07-31T16:08:57.912347+00:00   INFO pegaflow_core::gpu_worker: gpu_worker.rs:508 Load task completed: layers=72 blocks=1 copies=72 bytes=18874368 elapsed_ms=2.39 bandwidth_gbps=7.88 backend=ascend_batch device_id=2
2026-07-31T16:08:59.631639+00:00   INFO pegaflow_core::storage::prefetch: prefetch.rs:316 Prefetch local-hit timing: req_id=cmpl-8c6ce36dc7accb2c-0-bcc84ec6 total_keys=1 hit=1 missing=0 key_build=13.329µs cache_scan=27.999µs task_schedule=520ns total=79.997µs
2026-07-31T16:08:59.638203+00:00   WARN pegaflow_core::device::ascend: ascend.rs:659 aclrtMemcpyBatchAsync(H2D) failed: error 100000 (see CANN documentation for error code details) — falling back to per-copy aclrtMemcpyAsync device_id=5
2026-07-31T16:08:59.640240+00:00   INFO pegaflow_core::gpu_worker: gpu_worker.rs:508 Load task completed: layers=72 blocks=1 copies=72 bytes=18874368 elapsed_ms=2.30 bandwidth_gbps=8.19 backend=ascend_batch device_id=5
2026-07-31T16:09:01.347848+00:00   INFO pegaflow_core::storage::prefetch: prefetch.rs:316 Prefetch local-hit timing: req_id=cmpl-8918cea3728caeec-0-a2a682dc total_keys=1 hit=1 missing=0 key_build=13.12µs cache_scan=25.599µs task_schedule=530ns total=79.377µs
2026-07-31T16:09:01.354297+00:00   WARN pegaflow_core::device::ascend: ascend.rs:659 aclrtMemcpyBatchAsync(H2D) failed: error 100000 (see CANN documentation for error code details) — falling back to per-copy aclrtMemcpyAsync device_id=0
2026-07-31T16:09:01.356271+00:00   INFO pegaflow_core::gpu_worker: gpu_worker.rs:508 Load task completed: layers=72 blocks=1 copies=72 bytes=18874368 elapsed_ms=2.25 bandwidth_gbps=8.41 backend=ascend_batch device_id=0
2026-07-31T16:09:03.063156+00:00   INFO pegaflow_core::storage::prefetch: prefetch.rs:316 Prefetch local-hit timing: req_id=cmpl-a9fc35849d80cd8b-0-b397e06d total_keys=1 hit=1 missing=0 key_build=8.619µs cache_scan=14.8µs task_schedule=500ns total=42.668µs
2026-07-31T16:09:03.068990+00:00   WARN pegaflow_core::device::ascend: ascend.rs:659 aclrtMemcpyBatchAsync(H2D) failed: error 100000 (see CANN documentation for error code details) — falling back to per-copy aclrtMemcpyAsync device_id=3
2026-07-31T16:09:03.070966+00:00   INFO pegaflow_core::gpu_worker: gpu_worker.rs:508 Load task completed: layers=72 blocks=1 copies=72 bytes=18874368 elapsed_ms=2.23 bandwidth_gbps=8.45 backend=ascend_batch device_id=3
2026-07-31T16:09:04.787326+00:00   INFO pegaflow_core::storage::prefetch: prefetch.rs:316 Prefetch local-hit timing: req_id=cmpl-8c72d1078a4d4641-0-a1344d97 total_keys=1 hit=1 missing=0 key_build=5.859µs cache_scan=10.49µs task_schedule=320ns total=30.228µs
2026-07-31T16:09:04.793809+00:00   WARN pegaflow_core::device::ascend: ascend.rs:659 aclrtMemcpyBatchAsync(H2D) failed: error 100000 (see CANN documentation for error code details) — falling back to per-copy aclrtMemcpyAsync device_id=6
2026-07-31T16:09:04.795871+00:00   INFO pegaflow_core::gpu_worker: gpu_worker.rs:508 Load task completed: layers=72 blocks=1 copies=72 bytes=18874368 elapsed_ms=2.28 bandwidth_gbps=8.29 backend=ascend_batch device_id=6
2026-07-31T16:09:06.498331+00:00   INFO pegaflow_core::storage::prefetch: prefetch.rs:316 Prefetch local-hit timing: req_id=cmpl-b70b0976d377f19d-0-97588d72 total_keys=1 hit=1 missing=0 key_build=14.78µs cache_scan=26.998µs task_schedule=480ns total=82.517µs
2026-07-31T16:09:06.504257+00:00   WARN pegaflow_core::device::ascend: ascend.rs:659 aclrtMemcpyBatchAsync(H2D) failed: error 100000 (see CANN documentation for error code details) — falling back to per-copy aclrtMemcpyAsync device_id=4
2026-07-31T16:09:06.506294+00:00   INFO pegaflow_core::gpu_worker: gpu_worker.rs:508 Load task completed: layers=72 blocks=1 copies=72 bytes=18874368 elapsed_ms=2.25 bandwidth_gbps=8.39 backend=ascend_batch device_id=4
2026-07-31T16:09:08.185691+00:00   INFO pegaflow_server::service: service.rs:955 Session closed: instance_id=a45842a4-f207-4412-98ab-c0c541eaf4ee-5ccf2818a92e4a51ad88d2d5ca70b625 token=17 — running cleanup
2026-07-31T16:09:08.687800+00:00   INFO pegaflow_core: lib.rs:471 Unregistered instance: a45842a4-f207-4412-98ab-c0c541eaf4ee-5ccf2818a92e4a51ad88d2d5ca70b625
2026-07-31T16:09:09.551598+00:00   INFO pegaflow_server::service: service.rs:955 Session closed: instance_id=34b61f35-1088-415f-ad36-8a369bfb9004-0c0a6b4d36984577bf05b3485d36d043 token=19 — running cleanup
2026-07-31T16:09:10.099117+00:00   INFO pegaflow_server::service: service.rs:59 Session cleanup (stream closed): dropped 72 device tensors for instance 34b61f35-1088-415f-ad36-8a369bfb9004-0c0a6b4d36984577bf05b3485d36d043
2026-07-31T16:09:10.099401+00:00   INFO pegaflow_core: lib.rs:471 Unregistered instance: 34b61f35-1088-415f-ad36-8a369bfb9004-0c0a6b4d36984577bf05b3485d36d043
2026-07-31T16:09:10.817893+00:00   INFO pegaflow_server::service: service.rs:955 Session closed: instance_id=a4192260-76f4-4885-b884-0cacbd5dd746-295131c0e82445a286fa446cae27e422 token=18 — running cleanup
2026-07-31T16:09:11.421174+00:00   INFO pegaflow_server::service: service.rs:59 Session cleanup (stream closed): dropped 72 device tensors for instance a4192260-76f4-4885-b884-0cacbd5dd746-295131c0e82445a286fa446cae27e422
2026-07-31T16:09:11.421475+00:00   INFO pegaflow_core: lib.rs:471 Unregistered instance: a4192260-76f4-4885-b884-0cacbd5dd746-295131c0e82445a286fa446cae27e422
2026-07-31T16:09:12.131997+00:00   INFO pegaflow_server::service: service.rs:955 Session closed: instance_id=d15673b3-8ac2-481f-acc7-b2887ba47ca0-51ecaa10db7d40e4a7bf3329c61a182e token=20 — running cleanup
2026-07-31T16:09:12.817618+00:00   INFO pegaflow_server::service: service.rs:59 Session cleanup (stream closed): dropped 72 device tensors for instance d15673b3-8ac2-481f-acc7-b2887ba47ca0-51ecaa10db7d40e4a7bf3329c61a182e
2026-07-31T16:09:12.817899+00:00   INFO pegaflow_core: lib.rs:471 Unregistered instance: d15673b3-8ac2-481f-acc7-b2887ba47ca0-51ecaa10db7d40e4a7bf3329c61a182e
2026-07-31T16:09:13.499961+00:00   INFO pegaflow_server::service: service.rs:955 Session closed: instance_id=39eac753-f0ea-4dc7-a259-373e50fd3fa5-b163c070365744f486f44f858f1c69d7 token=21 — running cleanup
2026-07-31T16:09:14.149646+00:00   INFO pegaflow_core: lib.rs:471 Unregistered instance: 39eac753-f0ea-4dc7-a259-373e50fd3fa5-b163c070365744f486f44f858f1c69d7
2026-07-31T16:09:14.818289+00:00   INFO pegaflow_server::service: service.rs:955 Session closed: instance_id=a6bd10f2-c943-46f3-911e-02378e9bd42b-35c876e21c3244f7b517571d4bc72233 token=22 — running cleanup
2026-07-31T16:09:15.419521+00:00   INFO pegaflow_core: lib.rs:471 Unregistered instance: a6bd10f2-c943-46f3-911e-02378e9bd42b-35c876e21c3244f7b517571d4bc72233
2026-07-31T16:09:16.030037+00:00   INFO pegaflow_server::service: service.rs:955 Session closed: instance_id=a2b133a7-6433-4c78-939a-cdfce681b843-b9f2ba511ab24ff28019e08ab3627c31 token=23 — running cleanup
2026-07-31T16:09:16.682251+00:00   INFO pegaflow_server::service: service.rs:59 Session cleanup (stream closed): dropped 72 device tensors for instance a2b133a7-6433-4c78-939a-cdfce681b843-b9f2ba511ab24ff28019e08ab3627c31
2026-07-31T16:09:16.682539+00:00   INFO pegaflow_core: lib.rs:471 Unregistered instance: a2b133a7-6433-4c78-939a-cdfce681b843-b9f2ba511ab24ff28019e08ab3627c31
2026-07-31T16:09:17.396409+00:00   INFO pegaflow_server::service: service.rs:955 Session closed: instance_id=5a049f6d-dc2e-4f22-836f-e80a6fa7e26a-1629e397d5c140b38605cf54b906d64f token=24 — running cleanup
2026-07-31T16:09:18.021238+00:00   INFO pegaflow_core: lib.rs:471 Unregistered instance: 5a049f6d-dc2e-4f22-836f-e80a6fa7e26a-1629e397d5c140b38605cf54b906d64f
